git link: https://github.com/madhumitha29052001/mle-training.git

Script started on 2022-03-22 19:46:00+05:30 [TERM="xterm-256color" TTY="/dev/tty1" COLUMNS="120" LINES="30"]
(base) ]0;madhu@TIGER02268: ~/mle-training[01;32mmadhu@TIGER02268[00m:[01;34m~/mle-training[00m$ git status
On branch enh/1/pycode
Your branch is up to date with 'origin/enh/1/pycode'.

nothing to commit, working tree clean
(base) ]0;madhu@TIGER02268: ~/mle-training[01;32mmadhu@TIGER02268[00m:[01;34m~/mle-training[00m$ git config --list --show-origin
[?1h=file:/home/madhu/.gitconfig     user.email=madhumitha.ravik@tigeranalytics.com[m
file:/home/madhu/.gitconfig     user.name=madhumitha[m
file:.git/config        core.repositoryformatversion=0[m
file:.git/config        core.filemode=true[m
file:.git/config        core.bare=false[m
file:.git/config        core.logallrefupdates=true[m
file:.git/config        remote.origin.url=git@github.com:madhumitha29052001/mle-training.git[m
file:.git/config        remote.origin.fetch=+refs/heads/*:refs/remotes/origin/*[m
file:.git/config        branch.main.remote=origin[m
file:.git/config        branch.main.merge=refs/heads/main[m
file:.git/config        branch.enh/1/pycode.remote=origin[m
file:.git/config        branch.enh/1/pycode.merge=refs/heads/enh/1/pycode[m
[K[?1l>(base) ]0;madhu@TIGER02268: ~/mle-training[01;32mmadhu@TIGER02268[00m:[01;34m~/mle-training[00m$ git help config
[?1049h[22;0;0t[?1h=GIT-CONFIG(1)                                         Git Manual                                        GIT-CONFIG(1)[m
[m
[1mNAME[0m[m
       git-config - Get and set repository or global options[m
[m
[1mSYNOPSIS[0m[m
       [4mgit[24m [4mconfig[24m [<file-option>] [--type=<type>] [--show-origin] [-z|--null] name [value [value_regex]][m
       [4mgit[24m [4mconfig[24m [<file-option>] [--type=<type>] --add name value[m
       [4mgit[24m [4mconfig[24m [<file-option>] [--type=<type>] --replace-all name value [value_regex][m
       [4mgit[24m [4mconfig[24m [<file-option>] [--type=<type>] [--show-origin] [-z|--null] --get name [value_regex][m
       [4mgit[24m [4mconfig[24m [<file-option>] [--type=<type>] [--show-origin] [-z|--null] --get-all name [value_regex][m
       [4mgit[24m [4mconfig[24m [<file-option>] [--type=<type>] [--show-origin] [-z|--null] [--name-only] --get-regexp name_regex [val[m ue_regex][m
       [4mgit[24m [4mconfig[24m [<file-option>] [--type=<type>] [-z|--null] --get-urlmatch name URL[m
       [4mgit[24m [4mconfig[24m [<file-option>] --unset name [value_regex][m
       [4mgit[24m [4mconfig[24m [<file-option>] --unset-all name [value_regex][m
       [4mgit[24m [4mconfig[24m [<file-option>] --rename-section old_name new_name[m
       [4mgit[24m [4mconfig[24m [<file-option>] --remove-section name[m
       [4mgit[24m [4mconfig[24m [<file-option>] [--show-origin] [-z|--null] [--name-only] -l | --list[m
       [4mgit[24m [4mconfig[24m [<file-option>] --get-color name [default][m
       [4mgit[24m [4mconfig[24m [<file-option>] --get-colorbool name [stdout-is-tty][m
       [4mgit[24m [4mconfig[24m [<file-option>] -e | --edit[m
[m
[1mDESCRIPTION[0m[m
       You can query/set/replace/unset options with this command. The name is actually the section and the key[m
       separated by a dot, and the value will be escaped.[m
[m
       Multiple lines can be added to an option by using the [1m--add[0m option. If you want to update or unset an option[m
       which can occur on multiple lines, a POSIX regexp [1mvalue_regex[0m needs to be given. Only the existing values that[m
[7m Manual page git-config(1) line 1 (press h for help or q to quit)[27m[K[K[?1l>[?1049l[23;0;0t(base) ]0;madhu@TIGER02268: ~/mle-training[01;32mmadhu@TIGER02268[00m:[01;34m~/mle-training[00m$ ls..
ls..: command not found
(base) ]0;madhu@TIGER02268: ~/mle-training[01;32mmadhu@TIGER02268[00m:[01;34m~/mle-training[00m$ ls [K[K[Kcd ..
(base) ]0;madhu@TIGER02268: ~[01;32mmadhu@TIGER02268[00m:[01;34m~[00m$ cd MLE-TRAINI
(base) ]0;madhu@TIGER02268: ~/MLE-TRAINI[01;32mmadhu@TIGER02268[00m:[01;34m~/MLE-TRAINI[00m$ GIT [K[K[K[Kgit init
Reinitialized existing Git repository in /home/madhu/MLE-TRAINI/.git/
(base) ]0;madhu@TIGER02268: ~/MLE-TRAINI[01;32mmadhu@TIGER02268[00m:[01;34m~/MLE-TRAINI[00m$ [K(base) ]0;madhu@TIGER02268: ~/MLE-TRAINI[01;32mmadhu@TIGER02268[00m:[01;34m~/MLE-TRAINI[00m$ [K(base) ]0;madhu@TIGER02268: ~/MLE-TRAINI[01;32mmadhu@TIGER02268[00m:[01;34m~/MLE-TRAINI[00m$ git clone https://github.com/madhumitha29052001/MLE-TRAINI.git
Cloning into 'MLE-TRAINI'...
Username for 'https://github.com': madhumitha29052001
Password for 'https://madhumitha29052001@github.com': 
remote: Support for password authentication was removed on August 13, 2021. Please use a personal access token instead.
remote: Please see https://github.blog/2020-12-15-token-authentication-requirements-for-git-operations/ for more information.
fatal: Authentication failed for 'https://github.com/madhumitha29052001/MLE-TRAINI.git/'
(base) ]0;madhu@TIGER02268: ~/MLE-TRAINI[01;32mmadhu@TIGER02268[00m:[01;34m~/MLE-TRAINI[00m$ git clone https://github.com/madhumitha29052001/MLE-TRAINI.git
Cloning into 'MLE-TRAINI'...
Username for 'https://github.com': madhumitha29052001
Password for 'https://madhumitha29052001@github.com': 
remote: Support for password authentication was removed on August 13, 2021. Please use a personal access token instead.
remote: Please see https://github.blog/2020-12-15-token-authentication-requirements-for-git-operations/ for more information.
fatal: Authentication failed for 'https://github.com/madhumitha29052001/MLE-TRAINI.git/'
(base) ]0;madhu@TIGER02268: ~/MLE-TRAINI[01;32mmadhu@TIGER02268[00m:[01;34m~/MLE-TRAINI[00m$ git clone https://github.com/madhumitha29052001/MLE-TRAINI.git
Cloning into 'MLE-TRAINI'...
Username for 'https://github.com': madhumitha29052001
Password for 'https://madhumitha29052001@github.com': 
remote: Invalid username or password.
fatal: Authentication failed for 'https://github.com/madhumitha29052001/MLE-TRAINI.git/'
(base) ]0;madhu@TIGER02268: ~/MLE-TRAINI[01;32mmadhu@TIGER02268[00m:[01;34m~/MLE-TRAINI[00m$ git clone https://github.com/madhumitha29052001/MLE-TRAINI.git
Cloning into 'MLE-TRAINI'...
Username for 'https://github.com': madhumitha29052001
Password for 'https://madhumitha29052001@github.com': 
remote: Support for password authentication was removed on August 13, 2021. Please use a personal access token instead.
remote: Please see https://github.blog/2020-12-15-token-authentication-requirements-for-git-operations/ for more information.
fatal: Authentication failed for 'https://github.com/madhumitha29052001/MLE-TRAINI.git/'
(base) ]0;madhu@TIGER02268: ~/MLE-TRAINI[01;32mmadhu@TIGER02268[00m:[01;34m~/MLE-TRAINI[00m$ git status
On branch master

No commits yet

nothing to commit (create/copy files and use "git add" to track)
(base) ]0;madhu@TIGER02268: ~/MLE-TRAINI[01;32mmadhu@TIGER02268[00m:[01;34m~/MLE-TRAINI[00m$ [K(base) ]0;madhu@TIGER02268: ~/MLE-TRAINI[01;32mmadhu@TIGER02268[00m:[01;34m~/MLE-TRAINI[00m$ echo 'My Project' > README
(base) ]0;madhu@TIGER02268: ~/MLE-TRAINI[01;32mmadhu@TIGER02268[00m:[01;34m~/MLE-TRAINI[00m$ git stau[Ktus
On branch master

No commits yet

Untracked files:
  (use "git add <file>..." to include in what will be committed)
	[31mREADME[m

nothing added to commit but untracked files present (use "git add" to track)
(base) ]0;madhu@TIGER02268: ~/MLE-TRAINI[01;32mmadhu@TIGER02268[00m:[01;34m~/MLE-TRAINI[00m$ git add README
(base) ]0;madhu@TIGER02268: ~/MLE-TRAINI[01;32mmadhu@TIGER02268[00m:[01;34m~/MLE-TRAINI[00m$ GI[K[Kgit status
On branch master

No commits yet

Changes to be committed:
  (use "git rm --cached <file>..." to unstage)
	[32mnew file:   README[m

(base) ]0;madhu@TIGER02268: ~/MLE-TRAINI[01;32mmadhu@TIGER02268[00m:[01;34m~/MLE-TRAINI[00m$ gid[Kt add contributtin[K[K[King
fatal: pathspec 'contributing' did not match any files
(base) ]0;madhu@TIGER02268: ~/MLE-TRAINI[01;32mmadhu@TIGER02268[00m:[01;34m~/MLE-TRAINI[00m$ git add contributing.md
fatal: pathspec 'contributing.md' did not match any files
(base) ]0;madhu@TIGER02268: ~/MLE-TRAINI[01;32mmadhu@TIGER02268[00m:[01;34m~/MLE-TRAINI[00m$ git add CONTRIBUTING.md
fatal: pathspec 'CONTRIBUTING.md' did not match any files
(base) ]0;madhu@TIGER02268: ~/MLE-TRAINI[01;32mmadhu@TIGER02268[00m:[01;34m~/MLE-TRAINI[00m$ git add CONTRIBUTING.mdcontributing.md[K[10Pstatusadd README[4Pstatusecho 'My Project' > README[K[K[K[K[K[KCONTRIBUTING
(base) ]0;madhu@TIGER02268: ~/MLE-TRAINI[01;32mmadhu@TIGER02268[00m:[01;34m~/MLE-TRAINI[00m$ echo 'My Project' > CONTRIBUTING[9Pgit add CONTRIBUTING.md
fatal: pathspec 'CONTRIBUTING.md' did not match any files
(base) ]0;madhu@TIGER02268: ~/MLE-TRAINI[01;32mmadhu@TIGER02268[00m:[01;34m~/MLE-TRAINI[00m$ git add CONTRIBUTING.mdecho 'My Project' > CONTRIBUTING[9Pgit add CONTRIBUTING.mdcontributing.md[K[10Pstatus
On branch master

No commits yet

Changes to be committed:
  (use "git rm --cached <file>..." to unstage)
	[32mnew file:   README[m

Untracked files:
  (use "git add <file>..." to include in what will be committed)
	[31mCONTRIBUTING[m

(base) ]0;madhu@TIGER02268: ~/MLE-TRAINI[01;32mmadhu@TIGER02268[00m:[01;34m~/MLE-TRAINI[00m$ git statusadd CONTRIBUTING.mdecho 'My Project' > CONTRIBUTING[9Pgit add CONTRIBUTING.mdcontributing.md[K[10Pstatus[K[K[K[K[K[K[K CONTRIBUTING
git: 'CONTRIBUTING' is not a git command. See 'git --help'.
(base) ]0;madhu@TIGER02268: ~/MLE-TRAINI[01;32mmadhu@TIGER02268[00m:[01;34m~/MLE-TRAINI[00m$ git CONTRIBUTINGaCONTRIBUTINGdCONTRIBUTINGdCONTRIBUTING CONTRIBUTING
(base) ]0;madhu@TIGER02268: ~/MLE-TRAINI[01;32mmadhu@TIGER02268[00m:[01;34m~/MLE-TRAINI[00m$ git add CONTRIBUTING[4PCONTRIBUTING[6Pstatus
On branch master

No commits yet

Changes to be committed:
  (use "git rm --cached <file>..." to unstage)
	[32mnew file:   CONTRIBUTING[m
	[32mnew file:   README[m

(base) ]0;madhu@TIGER02268: ~/MLE-TRAINI[01;32mmadhu@TIGER02268[00m:[01;34m~/MLE-TRAINI[00m$ code ..
(base) ]0;madhu@TIGER02268: ~/MLE-TRAINI[01;32mmadhu@TIGER02268[00m:[01;34m~/MLE-TRAINI[00m$ git sat[K[Ktatus
On branch master

No commits yet

Changes to be committed:
  (use "git rm --cached <file>..." to unstage)
	[32mnew file:   CONTRIBUTING[m
	[32mnew file:   README[m

Changes not staged for commit:
  (use "git add <file>..." to update what will be committed)
  (use "git restore <file>..." to discard changes in working directory)
	[31mmodified:   CONTRIBUTING[m

(base) ]0;madhu@TIGER02268: ~/MLE-TRAINI[01;32mmadhu@TIGER02268[00m:[01;34m~/MLE-TRAINI[00m$ git add CONTRIBUTING.md
fatal: pathspec 'CONTRIBUTING.md' did not match any files
(base) ]0;madhu@TIGER02268: ~/MLE-TRAINI[01;32mmadhu@TIGER02268[00m:[01;34m~/MLE-TRAINI[00m$ git add CONTRIBUTING.md[K[K[K
(base) ]0;madhu@TIGER02268: ~/MLE-TRAINI[01;32mmadhu@TIGER02268[00m:[01;34m~/MLE-TRAINI[00m$ git sa[Ktatus
On branch master

No commits yet

Changes to be committed:
  (use "git rm --cached <file>..." to unstage)
	[32mnew file:   CONTRIBUTING[m
	[32mnew file:   README[m

(base) ]0;madhu@TIGER02268: ~/MLE-TRAINI[01;32mmadhu@TIGER02268[00m:[01;34m~/MLE-TRAINI[00m$ git status -s
[32mA[m  CONTRIBUTING
[32mA[m  README
(base) ]0;madhu@TIGER02268: ~/MLE-TRAINI[01;32mmadhu@TIGER02268[00m:[01;34m~/MLE-TRAINI[00m$ git commit
hint: Waiting for your editor to close the file... [?2004h[?1049h[22;0;0t[1;30r(B[m[4l[?7h[39;49m[?1h=[?1h=[?25l[39;49m(B[m[H[2J[28;54H(B[0;7m[ Reading... ](B[m[28;52H(B[0;7m[ Read 12 lines ](B[m[H(B[0;7m  GNU nano 4.8                           /home/madhu/MLE-TRAINI/.git/COMMIT_EDITMSG                                     [1;119H(B[m[29d(B[0;7m^G(B[m Get Help    (B[0;7m^O(B[m Write Out   (B[0;7m^W(B[m Where Is    (B[0;7m^K(B[m Cut Text    (B[0;7m^J(B[m Justify     (B[0;7m^C(B[m Cur Pos     (B[0;7mM-U(B[m Undo[106G(B[0;7mM-A(B[m Mark Text[30d(B[0;7m^X(B[m Exit[30;16H(B[0;7m^R(B[m Read File   (B[0;7m^\(B[m Replace     (B[0;7m^U(B[m Paste Text  (B[0;7m^T(B[m To Spell    (B[0;7m^_(B[m Go To Line  (B[0;7mM-E(B[m Redo[106G(B[0;7mM-6(B[m Copy Text[28d[3d[39;49m[36m# Please enter the commit message for your changes. Lines starting[4d# with '#' will be ignored, and an empty message aborts the commit.[5d#[6d# On branch master[7d#[8d# Initial commit[9d#[10d# Changes to be committed:[11d#       new file:   CONTRIBUTING[12d#       new file:   README[13d#[2d[39m(B[m[?12l[?25h[?25l[1;111H(B[0;7mModified(B[m[2dX[?12l[?25h[?25l[K[?12l[?25h[?25l^[?12l[?25h[?25lX[?12l[?25h[?25l7[3;27r8[3dM[1;30r[3;1H[?12l[?25h[?25l[3;27r[27;1H
[1;30r[2;3H[?12l[?25h[?25l [?12l[?25h[?25l[K[?12l[?25h[?25l7[2;27r8M[1;30r[3;1H[?12l[?25h[?25l[2;27r[2;1HM[1;30r[4;1H[?12l[?25h[?25l[2;27r[27;1H
[1;30r[3;1H[?12l[?25h[?25l[2;27r[27;1H
[1;30r[2;1H[?12l[?25h[?25l[?12l[?25h[?25l[?12l[?25h[?25l[?12l[?25h[?25l[?12l[?25h[?25l[?1000h[28;48H(B[0;7m[ Mouse support enabled ](B[m[2d[?12l[?25h[?25lm[?12l[?25h[?25ly[?12l[?25h[?25l [?12l[?25h[?25lp[?12l[?25h[?25lr[?12l[?25h[?25lo[?12l[?25h[?25lj[?12l[?25h[?25le[?12l[?25h[?25lc[?12l[?25h[?25lt[?12l[?25h[?25l7[3;27r8[3dM[1;30r[3;1H[?12l[?25h[?25l[28d[K[29;2H(B[0;7mL(B[m Refresh          (B[0;7m^W(B[m Where Is         (B[0;7mM-Q(B[m Previous        (B[0;7m^P(B[m Prev Line        (B[0;7m^Y(B[m Prev Page        (B[0;7mM-\(B[m First Line[K[30;4HClose[16G     (B[0;7m^Q(B[m Where Was        (B[0;7mM-W(B[m Next            (B[0;7m^N(B[m Next Line        (B[0;7m^V(B[m Next Page        (B[0;7mM-/(B[m Last Line[K[28d[1;3H(B[0;7m            [1;42H          Main nano help text             [1;111H        (B[m[2d[39;49m(B[m The nano editor is designed to emulate the functionality and ease-of-use[3d of the UW Pico text editor.  There are four main sections of the editor.[4d The top line shows the program version, the current filename being[5d edited, and whether or not the file has been modified.  Next is the main[6d editor window showing the file being edited.  The status line is the[7d third line from the bottom and shows important messages.  The bottom two[8d lines show the most commonly used shortcuts in the editor.[9d[K[10d Shortcuts are written as follows: Control-key sequences are notated with[11d a (B[0;1m[31m'^'[39m(B[m and can be entered either by using the Ctrl key or pressing the Esc[12d key twice.  Meta-key sequences are notated with (B[0;1m[31m'M-'[39m(B[m and can be entered[13d using either the Alt, Cmd, or Esc key, depending on your keyboard setup.[14d Also, pressing Esc twice and then typing a three-digit decimal number[15d from 000 to 255 will enter the character with the corresponding value.[16d The following keystrokes are available in the main editor window.[17d Alternative keys are shown in parentheses:[19d[36m^G[39m(B[m     ([36mF1[39m(B[m)[18GDisplay this help text[20d[36m^X[39m(B[m     ([36mF2[39m(B[m)[18GClose the current buffer / Exit from nano[21d[36m^O[39m(B[m     ([36mF3[39m(B[m)[18GWrite the current buffer (or the marked region) to disk[22d[36m^R[39m(B[m     ([36mIns[39m(B[m)     Insert another file into current buffer (or into new buffer)[24d[36m^W[39m(B[m     ([36mF6[39m(B[m)[18GSearch forward for a string or a regular expression[25d[36m^\[39m(B[m     ([36mM-R[39m(B[m)     Replace a string or a regular expression[26d[36m^K[39m(B[m     ([36mF9[39m(B[m)[18GCut current line (or marked region) and store it in cutbuffer[27d[36m^U[39m(B[m     ([36mF10[39m(B[m)     Paste the contents of cutbuffer at current cursor position[2d[29;2H(B[0;7mG(B[m Get Help    (B[0;7m^O(B[m Write Out   (B[0;7m^W(B[m Where Is    (B[0;7m^K(B[m Cut Text    (B[0;7m^J(B[m Justify     (B[0;7m^C(B[m Cur Pos     (B[0;7mM-U(B[m Undo       (B[0;7mM-A(B[m Mark Text[30;4HExit [16G(B[0;7m^R(B[m Read File   (B[0;7m^\(B[m Replace     (B[0;7m^U(B[m Paste Text  (B[0;7m^T(B[m To Spell    (B[0;7m^_(B[m Go To Line  (B[0;7mM-E(B[m Redo       (B[0;7mM-6(B[m Copy Text[28d[1;3H(B[0;7mGNU nano 4.8[1;42H/home/madhu/MLE-TRAINI/.git/COMMIT_EDITMSG[1;111HModified(B[m[2d[39;49m(B[mmy project[K[3d[K[4d[36m# Please enter the commit message for your changes. Lines starting[39m(B[m[K[5d[36m# with '#' will be ignored, and an empty message aborts the commit.[39m(B[m[K[6d[36m#[39m(B[m[K[7d[36m# On branch master[39m(B[m[K[8d[36m#[39m(B[m[K[9d[36m# Initial commit[10d#[39m(B[m[K[11d[36m# Changes to be committed:[39m(B[m[K[12d[36m#       new file:   CONTRIBUTING[39m(B[m[K[13d[36m#       new file:   README[39m(B[m[K[14d[36m#[39m(B[m[K[15d[K[16d[K[17d[K[19d[K[20d[K[21d[K[22d[K[24d[K[25d[K[26d[K[27d[K[3d[?12l[?25h[?25l[28d(B[0;7mSave modified buffer?                                                                                                   [29;1H Y(B[m Yes[K[30d(B[0;7m N(B[m No  [30;16H (B[0;7m^C(B[m Cancel[K[28;23H[?12l[?25h[?25l[?12l[?25h[?25l[29d(B[0;7m^G(B[m Get Help[29;31H(B[0;7mM-D(B[m DOS Format[29;61H(B[0;7mM-A(B[m Append[29;91H(B[0;7mM-B(B[m Backup File[30d(B[0;7m^C(B[m Cancel[17G[14X[30;31H(B[0;7mM-M(B[m Mac Format[30;61H(B[0;7mM-P(B[m Prepend[30;91H(B[0;7m^T(B[m To Files[28d(B[0;7mFile Name to Write: /home/madhu/MLE-TRAINI/.git/COMMIT_EDITMSG(B[m[28;63H[?12l[?25h[?25l[28;63H[?12l[?25h[?25l[28;63H[?12l[?25h[?25l[28;63H[?12l[?25h[?25l[28;63H[?12l[?25h[?25l[28;53H[1K (B[0;7m[ Cancelled ](B[m[K[29;16H(B[0;7m^O(B[m Write Out   (B[0;7m^W(B[m Where Is    (B[0;7m^K(B[m Cut Text    (B[0;7m^J(B[m Justify Script started on 2022-03-22 20:53:17+05:30 [TERM="xterm-256color" TTY="/dev/tty1" COLUMNS="120" LINES="30"]
(base) ]0;madhu@TIGER02268: ~/MLE-TRAINI[01;32mmadhu@TIGER02268[00m:[01;34m~/MLE-TRAINI[00m$ git be[K[Kstatus
On branch master

No commits yet

Changes to be committed:
  (use "git rm --cached <file>..." to unstage)
	[32mnew file:   CONTRIBUTING[m
	[32mnew file:   README[m

(base) ]0;madhu@TIGER02268: ~/MLE-TRAINI[01;32mmadhu@TIGER02268[00m:[01;34m~/MLE-TRAINI[00m$ git branchtes[K[K[K testing
fatal: Not a valid object name: 'master'.
(base) ]0;madhu@TIGER02268: ~/MLE-TRAINI[01;32mmadhu@TIGER02268[00m:[01;34m~/MLE-TRAINI[00m$ git checkout -b <branchname>[C[1P>[1P>[1P>[1P>[1P>[1P>[1P>[1P>[1P>[1P>t>e>s>t>i>n>g>
bash: syntax error near unexpected token `newline'
(base) ]0;madhu@TIGER02268: ~/MLE-TRAINI[01;32mmadhu@TIGER02268[00m:[01;34m~/MLE-TRAINI[00m$ git checkout -b <testing>[K[K[K[K[K[K[K[K[K[K[K[K[K[K[K[K[K[K[K[K[K[K[K[K[Kgit commit -m "First commit" 
[master (root-commit) be020c5] First commit
 2 files changed, 2 insertions(+)
 create mode 100644 CONTRIBUTING
 create mode 100644 README
(base) ]0;madhu@TIGER02268: ~/MLE-TRAINI[01;32mmadhu@TIGER02268[00m:[01;34m~/MLE-TRAINI[00m$ git commit -m "First commit" [4Pheckout -b <testing>[7Pbranch testing
(base) ]0;madhu@TIGER02268: ~/MLE-TRAINI[01;32mmadhu@TIGER02268[00m:[01;34m~/MLE-TRAINI[00m$ git checkout -b iss53
Switched to a new branch 'iss53'
(base) ]0;madhu@TIGER02268: ~/MLE-TRAINI[01;32mmadhu@TIGER02268[00m:[01;34m~/MLE-TRAINI[00m$ git checkout master
Switched to branch 'master'
Your branch is based on 'origin/master', but the upstream is gone.
  (use "git branch --unset-upstream" to fixup)
(base) ]0;madhu@TIGER02268: ~/MLE-TRAINI[01;32mmadhu@TIGER02268[00m:[01;34m~/MLE-TRAINI[00m$ it merge iss53[1@g
Already up to date.
(base) ]0;madhu@TIGER02268: ~/MLE-TRAINI[01;32mmadhu@TIGER02268[00m:[01;34m~/MLE-TRAINI[00m$ git push origin serverfix[K[K[K[K[K[K[K[K[K[K[Kn testing
Username for 'https://github.com': madhumitha29052001
Password for 'https://madhumitha29052001@github.com': 
remote: Support for password authentication was removed on August 13, 2021. Please use a personal access token instead.
remote: Please see https://github.blog/2020-12-15-token-authentication-requirements-for-git-operations/ for more information.
fatal: Authentication failed for 'https://github.com/madhumitha29052001/MLE-TRAINI.git/'
(base) ]0;madhu@TIGER02268: ~/MLE-TRAINI[01;32mmadhu@TIGER02268[00m:[01;34m~/MLE-TRAINI[00m$ git push origin serverfix[K[K[K[K[K[K[K[K[Ktesting
Username for 'https://github.com': madhumitha29052001
Password for 'https://madhumitha29052001@github.com': 
remote: Support for password authentication was removed on August 13, 2021. Please use a personal access token instead.
remote: Please see https://github.blog/2020-12-15-token-authentication-requirements-for-git-operations/ for more information.
fatal: Authentication failed for 'https://github.com/madhumitha29052001/MLE-TRAINI.git/'
(base) ]0;madhu@TIGER02268: ~/MLE-TRAINI[01;32mmadhu@TIGER02268[00m:[01;34m~/MLE-TRAINI[00m$ git remote add origin https://github.com/madhumitha29052001/MLE-TRAINI.git
fatal: remote origin already exists.
(base) ]0;madhu@TIGER02268: ~/MLE-TRAINI[01;32mmadhu@TIGER02268[00m:[01;34m~/MLE-TRAINI[00m$ git branch -M main
(base) ]0;madhu@TIGER02268: ~/MLE-TRAINI[01;32mmadhu@TIGER02268[00m:[01;34m~/MLE-TRAINI[00m$ git push -u origin main
Username for 'https://github.com': madhumitha29052001
Password for 'https://madhumitha29052001@github.com': 
remote: Support for password authentication was removed on August 13, 2021. Please use a personal access token instead.
remote: Please see https://github.blog/2020-12-15-token-authentication-requirements-for-git-operations/ for more information.
fatal: Authentication failed for 'https://github.com/madhumitha29052001/MLE-TRAINI.git/'
(base) ]0;madhu@TIGER02268: ~/MLE-TRAINI[01;32mmadhu@TIGER02268[00m:[01;34m~/MLE-TRAINI[00m$ git push -u origin main
Username for 'https://github.com': madhumitha29052002 1
Password for 'https://madhumitha29052001@github.com': 
remote: Support for password authentication was removed on August 13, 2021. Please use a personal access token instead.
remote: Please see https://github.blog/2020-12-15-token-authentication-requirements-for-git-operations/ for more information.
fatal: Authentication failed for 'https://github.com/madhumitha29052001/MLE-TRAINI.git/'
(base) ]0;madhu@TIGER02268: ~/MLE-TRAINI[01;32mmadhu@TIGER02268[00m:[01;34m~/MLE-TRAINI[00m$ git push -u origin main
Username for 'https://github.com': madhumitha29052001
Password for 'https://madhumitha29052001@github.com': 
Enumerating objects: 4, done.
Counting objects:  25% (1/4)Counting objects:  50% (2/4)Counting objects:  75% (3/4)Counting objects: 100% (4/4)Counting objects: 100% (4/4), done.
Delta compression using up to 8 threads
Compressing objects:  50% (1/2)Compressing objects: 100% (2/2)Compressing objects: 100% (2/2), done.
Writing objects:  25% (1/4)Writing objects:  50% (2/4)Writing objects:  75% (3/4)Writing objects: 100% (4/4)Writing objects: 100% (4/4), 285 bytes | 285.00 KiB/s, done.
Total 4 (delta 0), reused 0 (delta 0)
To https://github.com/madhumitha29052001/MLE-TRAINI.git
 * [new branch]      main -> main
Branch 'main' set up to track remote branch 'main' from 'origin'.
(base) ]0;madhu@TIGER02268: ~/MLE-TRAINI[01;32mmadhu@TIGER02268[00m:[01;34m~/MLE-TRAINI[00m$ git push origin serverfix[K[K[K[K[K[K[K[K[Ktesting
Username for 'https://github.com': madhumitha29052001
Password for 'https://madhumitha29052001@github.com': 
remote: Invalid username or password.
fatal: Authentication failed for 'https://github.com/madhumitha29052001/MLE-TRAINI.git/'
(base) ]0;madhu@TIGER02268: ~/MLE-TRAINI[01;32mmadhu@TIGER02268[00m:[01;34m~/MLE-TRAINI[00m$ git push origin testing
Username for 'https://github.com': madhumitha29052001
Password for 'https://madhumitha29052001@github.com': 
remote: Invalid username or password.
fatal: Authentication failed for 'https://github.com/madhumitha29052001/MLE-TRAINI.git/'
(base) ]0;madhu@TIGER02268: ~/MLE-TRAINI[01;32mmadhu@TIGER02268[00m:[01;34m~/MLE-TRAINI[00m$ git status
On branch main
Your branch is up to date with 'origin/main'.

nothing to commit, working tree clean
(base) ]0;madhu@TIGER02268: ~/MLE-TRAINI[01;32mmadhu@TIGER02268[00m:[01;34m~/MLE-TRAINI[00m$ exit 
exit

Script done on 2022-03-22 21:23:46+05:30 [COMMAND_EXIT_CODE="0"]
